[94660.giftcardrebel.co/index.html]
[backblue.gif]
[fade.gif]
[index.html]
[i.imgur.com/gih1Rf7.png]
[94660.giftcardrebel.co/94660/indexc690.html]
[94660.giftcardrebel.co/94660/indexe129.html]
[94660.giftcardrebel.co/94660/index0249.html]
[94660.giftcardrebel.co/94660/indexb00d.html]
[94660.giftcardrebel.co/94660/index596f.html]
[94660.giftcardrebel.co/94660/index4f9e.html]
[94660.giftcardrebel.co/94660/index35a8.html]
[94660.giftcardrebel.co/94660/index12d8.html]
[94660.giftcardrebel.co/94660/index8937.html]
[94660.giftcardrebel.co/94660/indexe3a2.html]
[94660.giftcardrebel.co/94660/indexc274.html]
[94660.giftcardrebel.co/94660/indexfd56.html]
[ajax.googleapis.com/ajax/libs/jquery/1.11.1/jquery.min.js]
[94660.giftcardrebel.co/94660/index8e29.html]
[94660.giftcardrebel.co/94660/index5af0.html]
[94660.giftcardrebel.co/index.html]
[giftcardrebel.co/resources/recaptcha-verify.png]
[94660.giftcardrebel.co/94660/index.html]
[94660.giftcardrebel.co/94660/indexc690.html]
[94660.giftcardrebel.co/94660/indexe129.html]
[94660.giftcardrebel.co/94660/index0249.html]
[94660.giftcardrebel.co/94660/indexb00d.html]
[94660.giftcardrebel.co/94660/index596f.html]
[94660.giftcardrebel.co/94660/index4f9e.html]
[94660.giftcardrebel.co/94660/index35a8.html]
[94660.giftcardrebel.co/94660/index12d8.html]
[94660.giftcardrebel.co/94660/index8937.html]
[94660.giftcardrebel.co/94660/indexe3a2.html]
[94660.giftcardrebel.co/94660/indexfd56.html]
[94660.giftcardrebel.co/94660/indexc274.html]
[94660.giftcardrebel.co/94660/index8e29.html]
[94660.giftcardrebel.co/94660/index5af0.html]
[94660.giftcardrebel.co/94660/index.html]
[getgiftcards.org/resources/plugins.js]
